// Jest Snapshot v1, https://goo.gl/fbAQLP

exports[`Rockets should match the snapshot 1`] = `
<div>
  <div
    class="rocket-container"
  >
    <div
      class="rocket-items"
    >
      <img
        alt="Falcon 1"
        src="https://imgur.com/DaCfMsj.png"
      />
      <ul
        class="rocket-detail"
      >
        <li>
          <h2
            class="rocket-name"
          >
            Falcon 1
          </h2>
        </li>
        <li>
          <p
            class="rocket-des"
          >
            The Falcon 1 was the first rocket developed by SpaceX.
          </p>
        </li>
        <button
          class="reserve-bttn"
          type="button"
        >
          Reserve Rocket
        </button>
      </ul>
    </div>
    <div
      class="rocket-items"
    >
      <img
        alt="Falcon 9"
        src="https://imgur.com/4Y2G3Um.png"
      />
      <ul
        class="rocket-detail"
      >
        <li>
          <h2
            class="rocket-name"
          >
            Falcon 9
          </h2>
        </li>
        <li>
          <p
            class="rocket-des"
          >
            The Falcon 9 is a partially reusable two-stage-to-orbit medium-lift launch vehicle.
          </p>
        </li>
        <button
          class="reserve-bttn"
          type="button"
        >
          Reserve Rocket
        </button>
      </ul>
    </div>
    <div
      class="rocket-items"
    >
      <img
        alt="Falcon Heavy"
        src="https://imgur.com/0M3WgjB.png"
      />
      <ul
        class="rocket-detail"
      >
        <li>
          <h2
            class="rocket-name"
          >
            Falcon Heavy
          </h2>
        </li>
        <li>
          <span
            class="reserve-active"
          >
            Reserved
          </span>
          <p
            class="rocket-des"
          >
            The Falcon Heavy is currently the most powerful operational rocket in the world.
          </p>
        </li>
        <button
          class="cancle-reserve"
          type="button"
        >
          cancel Reservation
        </button>
      </ul>
    </div>
  </div>
</div>
`;
